exports[`test changes the class to toggle--on when clicked 1`] = `
<Toggle
  onToggle={[Function onToggle]}>
  <div
    className="toggle toggle--on">
    <button
      onClick={[Function anonymous]} />
  </div>
</Toggle>
`;
